// Jest Snapshot v1, https://goo.gl/fbAQLP

exports[`Exchange Page Exchange snapshot 1`] = `
<div
  className="Exchange"
>
  <div
    className="HeaderWrapper"
  >
    <button
      className="Button Bg_Type_White"
      onClick={[Function]}
    >
      Cancel
    </button>
  </div>
  <div
    className="AccountSection Light"
  >
    <div
      className="SliderWrapper"
    >
      <div
        className="Slider"
      >
        <section
          className="swiper-container"
          id="from_account_slider"
        >
          <div
            className="swiper-pagination"
          />
          <ul
            className="swiper-wrapper"
          >
            <li
              className="swiper-slide"
              data-history={0}
            >
              <div
                className="Account View_Exchange"
              >
                <div
                  className="CurrencyInformation"
                >
                  <div
                    className="Wrapper"
                  >
                    <div>
                      <p
                        className="CurrencyTitle"
                      >
                        EUR
                      </p>
                      <p
                        className="CurrencyText"
                      >
                        You have: 
                        €100.00
                      </p>
                    </div>
                  </div>
                </div>
              </div>
            </li>
            <li
              className="swiper-slide"
              data-history={1}
            >
              <div
                className="Account View_Exchange"
              >
                <div
                  className="CurrencyInformation"
                >
                  <div
                    className="Wrapper"
                  >
                    <div>
                      <p
                        className="CurrencyTitle"
                      >
                        GBP
                      </p>
                      <p
                        className="CurrencyText"
                      >
                        You have: 
                        £100.00
                      </p>
                    </div>
                  </div>
                </div>
              </div>
            </li>
            <li
              className="swiper-slide"
              data-history={2}
            >
              <div
                className="Account View_Exchange"
              >
                <div
                  className="CurrencyInformation"
                >
                  <div
                    className="Wrapper"
                  >
                    <div>
                      <p
                        className="CurrencyTitle"
                      >
                        UAH
                      </p>
                      <p
                        className="CurrencyText"
                      >
                        You have: 
                        ₴100.00
                      </p>
                    </div>
                  </div>
                </div>
              </div>
            </li>
            <li
              className="swiper-slide"
              data-history={3}
            >
              <div
                className="Account View_Exchange"
              >
                <div
                  className="CurrencyInformation"
                >
                  <div
                    className="Wrapper"
                  >
                    <div>
                      <p
                        className="CurrencyTitle"
                      >
                        USD
                      </p>
                      <p
                        className="CurrencyText"
                      >
                        You have: 
                        $100.00
                      </p>
                    </div>
                  </div>
                </div>
              </div>
            </li>
          </ul>
        </section>
      </div>
    </div>
    <div
      className="InputWrapper"
    >
      <div
        className="InputSign"
      >
        -
      </div>
      <input
        autoFocus={true}
        className="InputNumber"
        onChange={[Function]}
        type="text"
        value={10}
      />
    </div>
  </div>
  <div
    className="ExchangeControlDivider"
  >
    <button
      className="Button Bg_Type_White"
      disabled={false}
      onClick={[Function]}
    >
      Exchange
    </button>
  </div>
  <div
    className="AccountSection Dark"
  >
    <div
      className="SliderWrapper"
    >
      <div
        className="Slider"
      >
        <section
          className="swiper-container"
          id="to_account_slider"
        >
          <div
            className="swiper-pagination"
          />
          <ul
            className="swiper-wrapper"
          >
            <li
              className="swiper-slide"
              data-history={0}
            >
              <div
                className="Account View_Exchange"
              >
                <div
                  className="CurrencyInformation"
                >
                  <div
                    className="Wrapper"
                  >
                    <div>
                      <p
                        className="CurrencyTitle"
                      >
                        EUR
                      </p>
                      <p
                        className="CurrencyText"
                      >
                        You have: 
                        €100.00
                      </p>
                    </div>
                  </div>
                </div>
              </div>
            </li>
            <li
              className="swiper-slide"
              data-history={1}
            >
              <div
                className="Account View_Exchange"
              >
                <div
                  className="CurrencyInformation"
                >
                  <div
                    className="Wrapper"
                  >
                    <div>
                      <p
                        className="CurrencyTitle"
                      >
                        GBP
                      </p>
                      <p
                        className="CurrencyText"
                      >
                        You have: 
                        £100.00
                      </p>
                    </div>
                  </div>
                </div>
              </div>
            </li>
            <li
              className="swiper-slide"
              data-history={2}
            >
              <div
                className="Account View_Exchange"
              >
                <div
                  className="CurrencyInformation"
                >
                  <div
                    className="Wrapper"
                  >
                    <div>
                      <p
                        className="CurrencyTitle"
                      >
                        UAH
                      </p>
                      <p
                        className="CurrencyText"
                      >
                        You have: 
                        ₴100.00
                      </p>
                    </div>
                  </div>
                </div>
              </div>
            </li>
            <li
              className="swiper-slide"
              data-history={3}
            >
              <div
                className="Account View_Exchange"
              >
                <div
                  className="CurrencyInformation"
                >
                  <div
                    className="Wrapper"
                  >
                    <div>
                      <p
                        className="CurrencyTitle"
                      >
                        USD
                      </p>
                      <p
                        className="CurrencyText"
                      >
                        You have: 
                        $100.00
                      </p>
                    </div>
                  </div>
                </div>
              </div>
            </li>
          </ul>
        </section>
      </div>
    </div>
    <div
      className="InputWrapper"
    >
      <div
        className="InputSign"
      >
        +
      </div>
      <input
        className="InputNumber"
        onChange={[Function]}
        type="text"
        value={2}
      />
    </div>
  </div>
</div>
`;
